// Jest Snapshot v1, https://goo.gl/fbAQLP

exports[`matches snapshot 1`] = `
[
  <div
    className="sc-bcXHqe gsMPLZ crossword grid"
  >
    <div
      style={
        {
          "margin": 0,
          "padding": 0,
          "position": "relative",
        }
      }
    >
      <svg
        viewBox="0 0 10 10"
      >
        <rect
          fill="rgb(0,0,0)"
          height={10}
          width={10}
          x={0}
          y={0}
        />
      </svg>
      <input
        aria-label="crossword-input"
        autoComplete="off"
        autoCorrect="off"
        onChange={[Function]}
        onClick={[Function]}
        onKeyDown={[Function]}
        spellCheck="false"
        style={
          {
            "backgroundColor": "transparent",
            "border": 0,
            "caretColor": "transparent",
            "cursor": "default",
            "fontSize": "40.949999999999996px",
            "height": "calc(100% - 4px)",
            "left": "calc(0% + 2px)",
            "margin": 0,
            "padding": 0,
            "position": "absolute",
            "textAlign": "center",
            "textAnchor": "middle",
            "top": "calc(0% + 2px)",
            "width": "calc(100% - 4px)",
          }
        }
        type="text"
        value=""
      />
    </div>
  </div>,
  <div
    className="sc-dkrFOg blVNBR clues"
  >
    <div
      className="direction"
    >
      <h3
        className="header"
      >
        ACROSS
      </h3>
    </div>
    <div
      className="direction"
    >
      <h3
        className="header"
      >
        DOWN
      </h3>
    </div>
  </div>,
]
`;
